// Jest Snapshot v1, https://goo.gl/fbAQLP

exports[`getMessages() should get messages 1`] = `Array []`;
